I'm sorry, but errors were detected in your script. Please correct the
errors listed below, and try again.


File "game/screens.rpy", line 735: u'scroll' is not a keyword argument or valid child for the grid statement.
    scroll == "viewport":
          ^

Ren'Py Version: Ren'Py 7.4.8.1895
Fri Nov  5 21:05:41 2021
